Archive member included to satisfy reference by file (symbol)

c:/ac6/systemworkbench/plugins/fr.ac6.mcu.externaltools.arm-none.win32_1.7.0.201602121829/tools/compiler/bin/../lib/gcc/arm-none-eabi/5.2.1/../../../../arm-none-eabi/lib/armv7e-m/fpu/fpv5-sp-d16\libc_nano.a(lib_a-exit.o)
                              c:/ac6/systemworkbench/plugins/fr.ac6.mcu.externaltools.arm-none.win32_1.7.0.201602121829/tools/compiler/bin/../lib/gcc/arm-none-eabi/5.2.1/../../../../arm-none-eabi/lib/armv7e-m/fpu/fpv5-sp-d16/crt0.o (exit)
c:/ac6/systemworkbench/plugins/fr.ac6.mcu.externaltools.arm-none.win32_1.7.0.201602121829/tools/compiler/bin/../lib/gcc/arm-none-eabi/5.2.1/../../../../arm-none-eabi/lib/armv7e-m/fpu/fpv5-sp-d16\libc_nano.a(lib_a-impure.o)
                              c:/ac6/systemworkbench/plugins/fr.ac6.mcu.externaltools.arm-none.win32_1.7.0.201602121829/tools/compiler/bin/../lib/gcc/arm-none-eabi/5.2.1/../../../../arm-none-eabi/lib/armv7e-m/fpu/fpv5-sp-d16\libc_nano.a(lib_a-exit.o) (_global_impure_ptr)
c:/ac6/systemworkbench/plugins/fr.ac6.mcu.externaltools.arm-none.win32_1.7.0.201602121829/tools/compiler/bin/../lib/gcc/arm-none-eabi/5.2.1/../../../../arm-none-eabi/lib/armv7e-m/fpu/fpv5-sp-d16\libc_nano.a(lib_a-init.o)
                              c:/ac6/systemworkbench/plugins/fr.ac6.mcu.externaltools.arm-none.win32_1.7.0.201602121829/tools/compiler/bin/../lib/gcc/arm-none-eabi/5.2.1/../../../../arm-none-eabi/lib/armv7e-m/fpu/fpv5-sp-d16/crt0.o (__libc_init_array)
c:/ac6/systemworkbench/plugins/fr.ac6.mcu.externaltools.arm-none.win32_1.7.0.201602121829/tools/compiler/bin/../lib/gcc/arm-none-eabi/5.2.1/../../../../arm-none-eabi/lib/armv7e-m/fpu/fpv5-sp-d16\libc_nano.a(lib_a-memset.o)
                              c:/ac6/systemworkbench/plugins/fr.ac6.mcu.externaltools.arm-none.win32_1.7.0.201602121829/tools/compiler/bin/../lib/gcc/arm-none-eabi/5.2.1/../../../../arm-none-eabi/lib/armv7e-m/fpu/fpv5-sp-d16/crt0.o (memset)
c:/ac6/systemworkbench/plugins/fr.ac6.mcu.externaltools.arm-none.win32_1.7.0.201602121829/tools/compiler/bin/../lib/gcc/arm-none-eabi/5.2.1/../../../../arm-none-eabi/lib/armv7e-m/fpu/fpv5-sp-d16\libnosys.a(_exit.o)
                              c:/ac6/systemworkbench/plugins/fr.ac6.mcu.externaltools.arm-none.win32_1.7.0.201602121829/tools/compiler/bin/../lib/gcc/arm-none-eabi/5.2.1/../../../../arm-none-eabi/lib/armv7e-m/fpu/fpv5-sp-d16\libc_nano.a(lib_a-exit.o) (_exit)

Allocating common symbols
Common symbol       size              file

sdramHandle         0x34              Drivers/BSP/STM32746G-Discovery/stm32746g_discovery_sdram.o
hi2c3               0x4c              Src/main.o
hLtdcHandler        0xa8              Drivers/BSP/STM32746G-Discovery/stm32746g_discovery_lcd.o
uwTick              0x4               Drivers/STM32F7xx_HAL_Driver/Src/stm32f7xx_hal.o
pFlash              0x1c              Drivers/STM32F7xx_HAL_Driver/Src/stm32f7xx_hal_flash.o
hltdc               0xa8              Src/main.o
huart1              0x70              Src/main.o
aBufferTS           0xa               Drivers/BSP/Components/exc7200/exc7200.o
hdma2d              0x40              Src/main.o
hsdram1             0x34              Src/main.o

Discarded input sections

 .text          0x00000000        0x0 c:/ac6/systemworkbench/plugins/fr.ac6.mcu.externaltools.arm-none.win32_1.7.0.201602121829/tools/compiler/bin/../lib/gcc/arm-none-eabi/5.2.1/armv7e-m/fpu/fpv5-sp-d16/crti.o
 .data          0x00000000        0x0 c:/ac6/systemworkbench/plugins/fr.ac6.mcu.externaltools.arm-none.win32_1.7.0.201602121829/tools/compiler/bin/../lib/gcc/arm-none-eabi/5.2.1/armv7e-m/fpu/fpv5-sp-d16/crti.o
 .bss           0x00000000        0x0 c:/ac6/systemworkbench/plugins/fr.ac6.mcu.externaltools.arm-none.win32_1.7.0.201602121829/tools/compiler/bin/../lib/gcc/arm-none-eabi/5.2.1/armv7e-m/fpu/fpv5-sp-d16/crti.o
 .data          0x00000000        0x4 c:/ac6/systemworkbench/plugins/fr.ac6.mcu.externaltools.arm-none.win32_1.7.0.201602121829/tools/compiler/bin/../lib/gcc/arm-none-eabi/5.2.1/armv7e-m/fpu/fpv5-sp-d16/crtbegin.o
 .text          0x00000000       0x74 c:/ac6/systemworkbench/plugins/fr.ac6.mcu.externaltools.arm-none.win32_1.7.0.201602121829/tools/compiler/bin/../lib/gcc/arm-none-eabi/5.2.1/../../../../arm-none-eabi/lib/armv7e-m/fpu/fpv5-sp-d16/crt0.o
 .data          0x00000000        0x0 c:/ac6/systemworkbench/plugins/fr.ac6.mcu.externaltools.arm-none.win32_1.7.0.201602121829/tools/compiler/bin/../lib/gcc/arm-none-eabi/5.2.1/../../../../arm-none-eabi/lib/armv7e-m/fpu/fpv5-sp-d16/crt0.o
 .bss           0x00000000        0x0 c:/ac6/systemworkbench/plugins/fr.ac6.mcu.externaltools.arm-none.win32_1.7.0.201602121829/tools/compiler/bin/../lib/gcc/arm-none-eabi/5.2.1/../../../../arm-none-eabi/lib/armv7e-m/fpu/fpv5-sp-d16/crt0.o
[...]
Memory Configuration

Name             Origin             Length             Attributes
FLASH            0x08000000         0x00100000         xr
RAM              0x20000000         0x00050000         xrw
*default*        0x00000000         0xffffffff

Linker script and memory map

LOAD c:/ac6/systemworkbench/plugins/fr.ac6.mcu.externaltools.arm-none.win32_1.7.0.201602121829/tools/compiler/bin/../lib/gcc/arm-none-eabi/5.2.1/armv7e-m/fpu/fpv5-sp-d16/crti.o
LOAD c:/ac6/systemworkbench/plugins/fr.ac6.mcu.externaltools.arm-none.win32_1.7.0.201602121829/tools/compiler/bin/../lib/gcc/arm-none-eabi/5.2.1/armv7e-m/fpu/fpv5-sp-d16/crtbegin.o
LOAD c:/ac6/systemworkbench/plugins/fr.ac6.mcu.externaltools.arm-none.win32_1.7.0.201602121829/tools/compiler/bin/../lib/gcc/arm-none-eabi/5.2.1/../../../../arm-none-eabi/lib/armv7e-m/fpu/fpv5-sp-d16/crt0.o
LOAD c:/ac6/systemworkbench/plugins/fr.ac6.mcu.externaltools.arm-none.win32_1.7.0.201602121829/tools/compiler/bin/../lib/gcc/arm-none-eabi/5.2.1/../../../../arm-none-eabi/lib/armv7e-m/fpu/fpv5-sp-d16\libm.a
LOAD Drivers/BSP/Components/exc7200/exc7200.o
LOAD Drivers/BSP/Components/ft5336/ft5336.o
LOAD Drivers/BSP/Components/ft6x06/ft6x06.o
LOAD Drivers/BSP/Components/mfxstm32l152/mfxstm32l152.o
LOAD Drivers/BSP/Components/otm8009a/otm8009a.o
LOAD Drivers/BSP/Components/ov9655/ov9655.o
LOAD Drivers/BSP/Components/s5k5cag/s5k5cag.o
LOAD Drivers/BSP/Components/st7735/st7735.o
LOAD Drivers/BSP/Components/stmpe811/stmpe811.o
LOAD Drivers/BSP/Components/ts3510/ts3510.o
LOAD Drivers/BSP/Components/wm8994/wm8994.o
LOAD Drivers/BSP/STM32746G-Discovery/stm32746g_discovery.o
LOAD Drivers/BSP/STM32746G-Discovery/stm32746g_discovery_lcd.o
LOAD Drivers/BSP/STM32746G-Discovery/stm32746g_discovery_sdram.o
LOAD Drivers/BSP/STM32746G-Discovery/stm32746g_discovery_ts.o
LOAD Drivers/BSP/Utilities/Fonts/font12.o
LOAD Drivers/BSP/Utilities/Fonts/font16.o
LOAD Drivers/BSP/Utilities/Fonts/font20.o
LOAD Drivers/BSP/Utilities/Fonts/font24.o
LOAD Drivers/BSP/Utilities/Fonts/font8.o
LOAD Drivers/CMSIS/Device/ST/STM32F7xx/Source/Templates/gcc/startup_stm32f746xx.o
LOAD Drivers/CMSIS/Device/ST/STM32F7xx/Source/Templates/system_stm32f7xx.o
LOAD Drivers/STM32F7xx_HAL_Driver/Src/stm32f7xx_hal.o
LOAD Drivers/STM32F7xx_HAL_Driver/Src/stm32f7xx_hal_cortex.o
LOAD Drivers/STM32F7xx_HAL_Driver/Src/stm32f7xx_hal_dma.o
LOAD Drivers/STM32F7xx_HAL_Driver/Src/stm32f7xx_hal_dma2d.o
LOAD Drivers/STM32F7xx_HAL_Driver/Src/stm32f7xx_hal_dma_ex.o
LOAD Drivers/STM32F7xx_HAL_Driver/Src/stm32f7xx_hal_dsi.o
LOAD Drivers/STM32F7xx_HAL_Driver/Src/stm32f7xx_hal_flash.o
LOAD Drivers/STM32F7xx_HAL_Driver/Src/stm32f7xx_hal_flash_ex.o
LOAD Drivers/STM32F7xx_HAL_Driver/Src/stm32f7xx_hal_gpio.o
LOAD Drivers/STM32F7xx_HAL_Driver/Src/stm32f7xx_hal_i2c.o
LOAD Drivers/STM32F7xx_HAL_Driver/Src/stm32f7xx_hal_i2c_ex.o
LOAD Drivers/STM32F7xx_HAL_Driver/Src/stm32f7xx_hal_ltdc.o
LOAD Drivers/STM32F7xx_HAL_Driver/Src/stm32f7xx_hal_ltdc_ex.o
LOAD Drivers/STM32F7xx_HAL_Driver/Src/stm32f7xx_hal_pwr.o
LOAD Drivers/STM32F7xx_HAL_Driver/Src/stm32f7xx_hal_pwr_ex.o
LOAD Drivers/STM32F7xx_HAL_Driver/Src/stm32f7xx_hal_rcc.o
LOAD Drivers/STM32F7xx_HAL_Driver/Src/stm32f7xx_hal_rcc_ex.o
LOAD Drivers/STM32F7xx_HAL_Driver/Src/stm32f7xx_hal_sdram.o
LOAD Drivers/STM32F7xx_HAL_Driver/Src/stm32f7xx_hal_tim.o
LOAD Drivers/STM32F7xx_HAL_Driver/Src/stm32f7xx_hal_tim_ex.o
LOAD Drivers/STM32F7xx_HAL_Driver/Src/stm32f7xx_hal_uart.o
LOAD Drivers/STM32F7xx_HAL_Driver/Src/stm32f7xx_ll_fmc.o
LOAD Src/main.o
LOAD Src/stm32f7xx_hal_msp.o
LOAD Src/stm32f7xx_it.o
START GROUP
LOAD c:/ac6/systemworkbench/plugins/fr.ac6.mcu.externaltools.arm-none.win32_1.7.0.201602121829/tools/compiler/bin/../lib/gcc/arm-none-eabi/5.2.1/armv7e-m/fpu/fpv5-sp-d16\libgcc.a
LOAD c:/ac6/systemworkbench/plugins/fr.ac6.mcu.externaltools.arm-none.win32_1.7.0.201602121829/tools/compiler/bin/../lib/gcc/arm-none-eabi/5.2.1/../../../../arm-none-eabi/lib/armv7e-m/fpu/fpv5-sp-d16\libc_nano.a
END GROUP
START GROUP
LOAD c:/ac6/systemworkbench/plugins/fr.ac6.mcu.externaltools.arm-none.win32_1.7.0.201602121829/tools/compiler/bin/../lib/gcc/arm-none-eabi/5.2.1/armv7e-m/fpu/fpv5-sp-d16\libgcc.a
LOAD c:/ac6/systemworkbench/plugins/fr.ac6.mcu.externaltools.arm-none.win32_1.7.0.201602121829/tools/compiler/bin/../lib/gcc/arm-none-eabi/5.2.1/../../../../arm-none-eabi/lib/armv7e-m/fpu/fpv5-sp-d16\libc_nano.a
LOAD c:/ac6/systemworkbench/plugins/fr.ac6.mcu.externaltools.arm-none.win32_1.7.0.201602121829/tools/compiler/bin/../lib/gcc/arm-none-eabi/5.2.1/../../../../arm-none-eabi/lib/armv7e-m/fpu/fpv5-sp-d16\libnosys.a
END GROUP
START GROUP
LOAD c:/ac6/systemworkbench/plugins/fr.ac6.mcu.externaltools.arm-none.win32_1.7.0.201602121829/tools/compiler/bin/../lib/gcc/arm-none-eabi/5.2.1/armv7e-m/fpu/fpv5-sp-d16\libgcc.a
LOAD c:/ac6/systemworkbench/plugins/fr.ac6.mcu.externaltools.arm-none.win32_1.7.0.201602121829/tools/compiler/bin/../lib/gcc/arm-none-eabi/5.2.1/../../../../arm-none-eabi/lib/armv7e-m/fpu/fpv5-sp-d16\libc_nano.a
LOAD c:/ac6/systemworkbench/plugins/fr.ac6.mcu.externaltools.arm-none.win32_1.7.0.201602121829/tools/compiler/bin/../lib/gcc/arm-none-eabi/5.2.1/../../../../arm-none-eabi/lib/armv7e-m/fpu/fpv5-sp-d16\libnosys.a
END GROUP
LOAD c:/ac6/systemworkbench/plugins/fr.ac6.mcu.externaltools.arm-none.win32_1.7.0.201602121829/tools/compiler/bin/../lib/gcc/arm-none-eabi/5.2.1/armv7e-m/fpu/fpv5-sp-d16/crtend.o
LOAD c:/ac6/systemworkbench/plugins/fr.ac6.mcu.externaltools.arm-none.win32_1.7.0.201602121829/tools/compiler/bin/../lib/gcc/arm-none-eabi/5.2.1/armv7e-m/fpu/fpv5-sp-d16/crtn.o
                0x20050000                _estack = 0x20050000
                0x00000200                _Min_Heap_Size = 0x200
                0x00000400                _Min_Stack_Size = 0x400

.isr_vector     0x08000000      0x1c8
                0x08000000                . = ALIGN (0x4)
 *(.isr_vector)
 .isr_vector    0x08000000      0x1c8 Drivers/CMSIS/Device/ST/STM32F7xx/Source/Templates/gcc/startup_stm32f746xx.o
                0x08000000                g_pfnVectors
                0x080001c8                . = ALIGN (0x4)

.text           0x080001c8     0x4a94
                0x080001c8                . = ALIGN (0x4)
 *(.text)
 .text          0x080001c8       0xa4 c:/ac6/systemworkbench/plugins/fr.ac6.mcu.externaltools.arm-none.win32_1.7.0.201602121829/tools/compiler/bin/../lib/gcc/arm-none-eabi/5.2.1/armv7e-m/fpu/fpv5-sp-d16/crtbegin.o
 *(.text*)
 .text.BSP_LCD_Init
                0x0800026c       0xe0 Drivers/BSP/STM32746G-Discovery/stm32746g_discovery_lcd.o
                0x0800026c                BSP_LCD_Init
 .text.BSP_LCD_SetFont
                0x0800034c       0x34 Drivers/BSP/STM32746G-Discovery/stm32746g_discovery_lcd.o
                0x0800034c                BSP_LCD_SetFont
 .text.BSP_LCD_DisplayOn
                0x08000380       0x3c Drivers/BSP/STM32746G-Discovery/stm32746g_discovery_lcd.o
                0x08000380                BSP_LCD_DisplayOn
 .text.BSP_LCD_MspInit
                0x080003bc      0x1b4 Drivers/BSP/STM32746G-Discovery/stm32746g_discovery_lcd.o
                0x080003bc                BSP_LCD_MspInit
 .text.BSP_LCD_ClockConfig
                0x08000570       0x38 Drivers/BSP/STM32746G-Discovery/stm32746g_discovery_lcd.o
                0x08000570                BSP_LCD_ClockConfig
 .text.BSP_SDRAM_Init
                0x080005a8       0xbc Drivers/BSP/STM32746G-Discovery/stm32746g_discovery_sdram.o
                0x080005a8                BSP_SDRAM_Init
 .text.BSP_SDRAM_Initialization_sequence
                0x08000664       0xc0 Drivers/BSP/STM32746G-Discovery/stm32746g_discovery_sdram.o
                0x08000664                BSP_SDRAM_Initialization_sequence
 .text.BSP_SDRAM_MspInit
                0x08000724      0x1f0 Drivers/BSP/STM32746G-Discovery/stm32746g_discovery_sdram.o
                0x08000724                BSP_SDRAM_MspInit
 .text.Reset_Handler
                0x08000914       0x50 Drivers/CMSIS/Device/ST/STM32F7xx/Source/Templates/gcc/startup_stm32f746xx.o
                0x08000914                Reset_Handler
 .text.Default_Handler
                0x08000964        0x2 Drivers/CMSIS/Device/ST/STM32F7xx/Source/Templates/gcc/startup_stm32f746xx.o
                0x08000964                RTC_Alarm_IRQHandler
                0x08000964                EXTI2_IRQHandler
                0x08000964                TIM8_CC_IRQHandler
                0x08000964                DebugMon_Handler
                0x08000964                UART8_IRQHandler
                0x08000964                SPI4_IRQHandler
                0x08000964                TIM1_CC_IRQHandler
                0x08000964                DMA2_Stream5_IRQHandler
                0x08000964                HardFault_Handler
                0x08000964                DMA1_Stream5_IRQHandler
                0x08000964                PVD_IRQHandler
                0x08000964                TAMP_STAMP_IRQHandler
                0x08000964                NMI_Handler
                0x08000964                CAN2_RX1_IRQHandler
                0x08000964                EXTI3_IRQHandler
                0x08000964                TIM8_TRG_COM_TIM14_IRQHandler
                0x08000964                TIM1_UP_TIM10_IRQHandler
                0x08000964                TIM8_UP_TIM13_IRQHandler
                0x08000964                I2C3_ER_IRQHandler
                0x08000964                EXTI0_IRQHandler
                0x08000964                I2C2_EV_IRQHandler
                0x08000964                DMA1_Stream2_IRQHandler
                0x08000964                CAN1_RX0_IRQHandler
                0x08000964                FPU_IRQHandler
                0x08000964                OTG_HS_WKUP_IRQHandler
                0x08000964                UsageFault_Handler
                0x08000964                LTDC_ER_IRQHandler
                0x08000964                CAN2_SCE_IRQHandler
                0x08000964                DMA2_Stream2_IRQHandler
                0x08000964                SPI1_IRQHandler
                0x08000964                TIM6_DAC_IRQHandler
                0x08000964                TIM1_BRK_TIM9_IRQHandler
                0x08000964                DCMI_IRQHandler
                0x08000964                CAN2_RX0_IRQHandler
                0x08000964                DMA2_Stream3_IRQHandler
                0x08000964                SAI2_IRQHandler
                0x08000964                USART6_IRQHandler
                0x08000964                USART3_IRQHandler
                0x08000964                CAN1_RX1_IRQHandler
                0x08000964                UART5_IRQHandler
                0x08000964                DMA2_Stream0_IRQHandler
                0x08000964                TIM4_IRQHandler
                0x08000964                QUADSPI_IRQHandler
                0x08000964                I2C1_EV_IRQHandler
                0x08000964                DMA1_Stream6_IRQHandler
                0x08000964                DMA1_Stream1_IRQHandler
                0x08000964                UART4_IRQHandler
                0x08000964                TIM3_IRQHandler
                0x08000964                RCC_IRQHandler
                0x08000964                TIM8_BRK_TIM12_IRQHandler
                0x08000964                Default_Handler
                0x08000964                CEC_IRQHandler
                0x08000964                EXTI15_10_IRQHandler
                0x08000964                ADC_IRQHandler
                0x08000964                DMA1_Stream7_IRQHandler
                0x08000964                SPI5_IRQHandler
                0x08000964                TIM7_IRQHandler
                0x08000964                SDMMC1_IRQHandler
                0x08000964                CAN2_TX_IRQHandler
                0x08000964                TIM5_IRQHandler
                0x08000964                DMA2_Stream7_IRQHandler
                0x08000964                I2C3_EV_IRQHandler
                0x08000964                EXTI9_5_IRQHandler
                0x08000964                RTC_WKUP_IRQHandler
                0x08000964                LTDC_IRQHandler
                0x08000964                ETH_WKUP_IRQHandler
                0x08000964                SPDIF_RX_IRQHandler
                0x08000964                SPI2_IRQHandler
                0x08000964                OTG_HS_EP1_IN_IRQHandler
                0x08000964                MemManage_Handler
                0x08000964                DMA1_Stream0_IRQHandler
                0x08000964                CAN1_TX_IRQHandler
                0x08000964                EXTI4_IRQHandler
                0x08000964                RNG_IRQHandler
                0x08000964                ETH_IRQHandler
                0x08000964                OTG_HS_EP1_OUT_IRQHandler
                0x08000964                WWDG_IRQHandler
                0x08000964                SPI6_IRQHandler
                0x08000964                I2C4_EV_IRQHandler
                0x08000964                TIM2_IRQHandler
                0x08000964                OTG_FS_WKUP_IRQHandler
                0x08000964                TIM1_TRG_COM_TIM11_IRQHandler
                0x08000964                OTG_HS_IRQHandler
                0x08000964                DMA2D_IRQHandler
                0x08000964                EXTI1_IRQHandler
                0x08000964                UART7_IRQHandler
                0x08000964                USART2_IRQHandler
                0x08000964                I2C2_ER_IRQHandler
                0x08000964                DMA2_Stream1_IRQHandler
                0x08000964                CAN1_SCE_IRQHandler
                0x08000964                FLASH_IRQHandler
                0x08000964                DMA2_Stream4_IRQHandler
                0x08000964                BusFault_Handler
                0x08000964                USART1_IRQHandler
                0x08000964                OTG_FS_IRQHandler
                0x08000964                SPI3_IRQHandler
                0x08000964                DMA1_Stream4_IRQHandler
                0x08000964                I2C1_ER_IRQHandler
                0x08000964                FMC_IRQHandler
                0x08000964                LPTIM1_IRQHandler
                0x08000964                I2C4_ER_IRQHandler
                0x08000964                DMA2_Stream6_IRQHandler
                0x08000964                SAI1_IRQHandler
                0x08000964                DMA1_Stream3_IRQHandler
 *fill*         0x08000966        0x2 
 .text.SystemInit
                0x08000968       0x6c Drivers/CMSIS/Device/ST/STM32F7xx/Source/Templates/system_stm32f7xx.o
                0x08000968                SystemInit
 .text.HAL_Init
                0x080009d4       0x1c Drivers/STM32F7xx_HAL_Driver/Src/stm32f7xx_hal.o
                0x080009d4                HAL_Init
 .text.HAL_InitTick
                0x080009f0       0x38 Drivers/STM32F7xx_HAL_Driver/Src/stm32f7xx_hal.o
                0x080009f0                HAL_InitTick
 .text.HAL_IncTick
                0x08000a28       0x1c Drivers/STM32F7xx_HAL_Driver/Src/stm32f7xx_hal.o
                0x08000a28                HAL_IncTick
 .text.HAL_GetTick
                0x08000a44       0x18 Drivers/STM32F7xx_HAL_Driver/Src/stm32f7xx_hal.o
                0x08000a44                HAL_GetTick
 .text.HAL_Delay
                0x08000a5c       0x2c Drivers/STM32F7xx_HAL_Driver/Src/stm32f7xx_hal.o
                0x08000a5c                HAL_Delay
 .text.NVIC_SetPriorityGrouping
                0x08000a88       0x48 Drivers/STM32F7xx_HAL_Driver/Src/stm32f7xx_hal_cortex.o
 .text.NVIC_GetPriorityGrouping
                0x08000ad0       0x1c Drivers/STM32F7xx_HAL_Driver/Src/stm32f7xx_hal_cortex.o
 .text.NVIC_EnableIRQ
                0x08000aec       0x34 Drivers/STM32F7xx_HAL_Driver/Src/stm32f7xx_hal_cortex.o
 .text.NVIC_SetPriority
                0x08000b20       0x54 Drivers/STM32F7xx_HAL_Driver/Src/stm32f7xx_hal_cortex.o
 .text.NVIC_EncodePriority
                0x08000b74       0x64 Drivers/STM32F7xx_HAL_Driver/Src/stm32f7xx_hal_cortex.o
 .text.SysTick_Config
                0x08000bd8       0x44 Drivers/STM32F7xx_HAL_Driver/Src/stm32f7xx_hal_cortex.o
 .text.HAL_NVIC_SetPriorityGrouping
                0x08000c1c       0x18 Drivers/STM32F7xx_HAL_Driver/Src/stm32f7xx_hal_cortex.o
                0x08000c1c                HAL_NVIC_SetPriorityGrouping
 .text.HAL_NVIC_SetPriority
                0x08000c34       0x38 Drivers/STM32F7xx_HAL_Driver/Src/stm32f7xx_hal_cortex.o
                0x08000c34                HAL_NVIC_SetPriority
 .text.HAL_NVIC_EnableIRQ
                0x08000c6c       0x1c Drivers/STM32F7xx_HAL_Driver/Src/stm32f7xx_hal_cortex.o
                0x08000c6c                HAL_NVIC_EnableIRQ
 .text.HAL_SYSTICK_Config
                0x08000c88       0x18 Drivers/STM32F7xx_HAL_Driver/Src/stm32f7xx_hal_cortex.o
                0x08000c88                HAL_SYSTICK_Config
 .text.HAL_SYSTICK_CLKSourceConfig
                0x08000ca0       0x38 Drivers/STM32F7xx_HAL_Driver/Src/stm32f7xx_hal_cortex.o
                0x08000ca0                HAL_SYSTICK_CLKSourceConfig
 .text.HAL_SYSTICK_IRQHandler
                0x08000cd8        0xc Drivers/STM32F7xx_HAL_Driver/Src/stm32f7xx_hal_cortex.o
                0x08000cd8                HAL_SYSTICK_IRQHandler
 .text.HAL_SYSTICK_Callback
                0x08000ce4       0x10 Drivers/STM32F7xx_HAL_Driver/Src/stm32f7xx_hal_cortex.o
                0x08000ce4                HAL_SYSTICK_Callback
 .text.HAL_DMA_Init
                0x08000cf4      0x154 Drivers/STM32F7xx_HAL_Driver/Src/stm32f7xx_hal_dma.o
                0x08000cf4                HAL_DMA_Init
 .text.HAL_DMA_DeInit
                0x08000e48       0x98 Drivers/STM32F7xx_HAL_Driver/Src/stm32f7xx_hal_dma.o
                0x08000e48                HAL_DMA_DeInit
 .text.DMA_CalcBaseAndBitshift
                0x08000ee0       0x6c Drivers/STM32F7xx_HAL_Driver/Src/stm32f7xx_hal_dma.o
 .text.DMA_CheckFifoParam
                0x08000f4c      0x114 Drivers/STM32F7xx_HAL_Driver/Src/stm32f7xx_hal_dma.o
 .text.HAL_DMA2D_Init
                0x08001060       0x94 Drivers/STM32F7xx_HAL_Driver/Src/stm32f7xx_hal_dma2d.o
                0x08001060                HAL_DMA2D_Init
 .text.HAL_DMA2D_ConfigLayer
                0x080010f4      0x150 Drivers/STM32F7xx_HAL_Driver/Src/stm32f7xx_hal_dma2d.o
                0x080010f4                HAL_DMA2D_ConfigLayer
 .text.HAL_GPIO_Init
                0x08001244      0x354 Drivers/STM32F7xx_HAL_Driver/Src/stm32f7xx_hal_gpio.o
                0x08001244                HAL_GPIO_Init
 .text.HAL_GPIO_WritePin
                0x08001598       0x34 Drivers/STM32F7xx_HAL_Driver/Src/stm32f7xx_hal_gpio.o
                0x08001598                HAL_GPIO_WritePin
 .text.HAL_I2C_Init
                0x080015cc      0x114 Drivers/STM32F7xx_HAL_Driver/Src/stm32f7xx_hal_i2c.o
                0x080015cc                HAL_I2C_Init
 .text.HAL_I2CEx_ConfigAnalogFilter
                0x080016e0       0x98 Drivers/STM32F7xx_HAL_Driver/Src/stm32f7xx_hal_i2c_ex.o
                0x080016e0                HAL_I2CEx_ConfigAnalogFilter
 .text.HAL_LTDC_Init
                0x08001778      0x1b8 Drivers/STM32F7xx_HAL_Driver/Src/stm32f7xx_hal_ltdc.o
                0x08001778                HAL_LTDC_Init
 .text.HAL_LTDC_ConfigLayer
                0x08001930       0x7c Drivers/STM32F7xx_HAL_Driver/Src/stm32f7xx_hal_ltdc.o
                0x08001930                HAL_LTDC_ConfigLayer
 .text.HAL_LTDC_SetAlpha
                0x080019ac       0x6c Drivers/STM32F7xx_HAL_Driver/Src/stm32f7xx_hal_ltdc.o
                0x080019ac                HAL_LTDC_SetAlpha
 .text.HAL_LTDC_GetState
                0x08001a18       0x1c Drivers/STM32F7xx_HAL_Driver/Src/stm32f7xx_hal_ltdc.o
                0x08001a18                HAL_LTDC_GetState
 .text.LTDC_SetConfig
                0x08001a34      0x354 Drivers/STM32F7xx_HAL_Driver/Src/stm32f7xx_hal_ltdc.o
 .text.HAL_RCC_OscConfig
                0x08001d88      0x510 Drivers/STM32F7xx_HAL_Driver/Src/stm32f7xx_hal_rcc.o
                0x08001d88                HAL_RCC_OscConfig
 .text.HAL_RCC_ClockConfig
                0x08002298      0x1fc Drivers/STM32F7xx_HAL_Driver/Src/stm32f7xx_hal_rcc.o
                0x08002298                HAL_RCC_ClockConfig
 .text.HAL_RCC_GetSysClockFreq
                0x08002494       0xfc Drivers/STM32F7xx_HAL_Driver/Src/stm32f7xx_hal_rcc.o
                0x08002494                HAL_RCC_GetSysClockFreq
 .text.HAL_RCC_GetHCLKFreq
                0x08002590       0x18 Drivers/STM32F7xx_HAL_Driver/Src/stm32f7xx_hal_rcc.o
                0x08002590                HAL_RCC_GetHCLKFreq
 .text.HAL_RCC_GetPCLK1Freq
                0x080025a8       0x44 Drivers/STM32F7xx_HAL_Driver/Src/stm32f7xx_hal_rcc.o
                0x080025a8                HAL_RCC_GetPCLK1Freq
 .text.HAL_RCC_GetPCLK2Freq
                0x080025ec       0x44 Drivers/STM32F7xx_HAL_Driver/Src/stm32f7xx_hal_rcc.o
                0x080025ec                HAL_RCC_GetPCLK2Freq
 .text.HAL_RCCEx_PeriphCLKConfig
                0x08002630      0xe10 Drivers/STM32F7xx_HAL_Driver/Src/stm32f7xx_hal_rcc_ex.o
                0x08002630                HAL_RCCEx_PeriphCLKConfig
 .text.HAL_SDRAM_Init
                0x08003440       0x68 Drivers/STM32F7xx_HAL_Driver/Src/stm32f7xx_hal_sdram.o
                0x08003440                HAL_SDRAM_Init
 .text.HAL_SDRAM_SendCommand
                0x080034a8       0x58 Drivers/STM32F7xx_HAL_Driver/Src/stm32f7xx_hal_sdram.o
                0x080034a8                HAL_SDRAM_SendCommand
 .text.HAL_SDRAM_ProgramRefreshRate
                0x08003500       0x40 Drivers/STM32F7xx_HAL_Driver/Src/stm32f7xx_hal_sdram.o
                0x08003500                HAL_SDRAM_ProgramRefreshRate
 .text.HAL_UART_Init
                0x08003540       0xa4 Drivers/STM32F7xx_HAL_Driver/Src/stm32f7xx_hal_uart.o
                0x08003540                HAL_UART_Init
 .text.UART_WaitOnFlagUntilTimeout
                0x080035e4       0x94 Drivers/STM32F7xx_HAL_Driver/Src/stm32f7xx_hal_uart.o
                0x080035e4                UART_WaitOnFlagUntilTimeout
 .text.UART_SetConfig
                0x08003678      0x4dc Drivers/STM32F7xx_HAL_Driver/Src/stm32f7xx_hal_uart.o
                0x08003678                UART_SetConfig
 .text.UART_AdvFeatureConfig
                0x08003b54      0x144 Drivers/STM32F7xx_HAL_Driver/Src/stm32f7xx_hal_uart.o
                0x08003b54                UART_AdvFeatureConfig
 .text.UART_CheckIdleState
                0x08003c98       0x94 Drivers/STM32F7xx_HAL_Driver/Src/stm32f7xx_hal_uart.o
                0x08003c98                UART_CheckIdleState
 .text.FMC_SDRAM_Init
                0x08003d2c       0xe4 Drivers/STM32F7xx_HAL_Driver/Src/stm32f7xx_ll_fmc.o
                0x08003d2c                FMC_SDRAM_Init
 .text.FMC_SDRAM_Timing_Init
                0x08003e10      0x100 Drivers/STM32F7xx_HAL_Driver/Src/stm32f7xx_ll_fmc.o
                0x08003e10                FMC_SDRAM_Timing_Init
 .text.FMC_SDRAM_SendCommand
                0x08003f10       0x78 Drivers/STM32F7xx_HAL_Driver/Src/stm32f7xx_ll_fmc.o
                0x08003f10                FMC_SDRAM_SendCommand
 .text.FMC_SDRAM_ProgramRefreshRate
                0x08003f88       0x28 Drivers/STM32F7xx_HAL_Driver/Src/stm32f7xx_ll_fmc.o
                0x08003f88                FMC_SDRAM_ProgramRefreshRate
 .text.main     0x08003fb0      0x2bc Src/main.o
                0x08003fb0                main
 .text.SystemClock_Config
                0x0800426c      0x134 Src/main.o
                0x0800426c                SystemClock_Config
 .text.MX_DMA2D_Init
                0x080043a0       0x64 Src/main.o
 .text.MX_I2C3_Init
                0x08004404       0x6c Src/main.o
 .text.MX_LTDC_Init
                0x08004470      0x14c Src/main.o
 .text.MX_USART1_UART_Init
                0x080045bc       0x60 Src/main.o
 .text.MX_FMC_Init
                0x0800461c       0x88 Src/main.o
 .text.MX_GPIO_Init
                0x080046a4      0x108 Src/main.o
 .text.Error_Handler
                0x080047ac        0x8 Src/main.o
                0x080047ac                Error_Handler
 .text.HAL_MspInit
                0x080047b4       0x64 Src/stm32f7xx_hal_msp.o
                0x080047b4                HAL_MspInit
 .text.HAL_DMA2D_MspInit
                0x08004818       0x40 Src/stm32f7xx_hal_msp.o
                0x08004818                HAL_DMA2D_MspInit
 .text.HAL_I2C_MspInit
                0x08004858       0x84 Src/stm32f7xx_hal_msp.o
                0x08004858                HAL_I2C_MspInit
 .text.HAL_LTDC_MspInit
                0x080048dc      0x164 Src/stm32f7xx_hal_msp.o
                0x080048dc                HAL_LTDC_MspInit
 .text.HAL_UART_MspInit
                0x08004a40       0x84 Src/stm32f7xx_hal_msp.o
                0x08004a40                HAL_UART_MspInit
 .text.HAL_FMC_MspInit
                0x08004ac4       0xf0 Src/stm32f7xx_hal_msp.o
 .text.HAL_SDRAM_MspInit
                0x08004bb4       0x14 Src/stm32f7xx_hal_msp.o
                0x08004bb4                HAL_SDRAM_MspInit
 .text.SVC_Handler
                0x08004bc8       0x10 Src/stm32f7xx_it.o
                0x08004bc8                SVC_Handler
 .text.PendSV_Handler
                0x08004bd8       0x10 Src/stm32f7xx_it.o
                0x08004bd8                PendSV_Handler
 .text.SysTick_Handler
                0x08004be8       0x10 Src/stm32f7xx_it.o
                0x08004be8                SysTick_Handler
 .text.__libc_init_array
                0x08004bf8       0x4c c:/ac6/systemworkbench/plugins/fr.ac6.mcu.externaltools.arm-none.win32_1.7.0.201602121829/tools/compiler/bin/../lib/gcc/arm-none-eabi/5.2.1/../../../../arm-none-eabi/lib/armv7e-m/fpu/fpv5-sp-d16\libc_nano.a(lib_a-init.o)
                0x08004bf8                __libc_init_array
 *(.glue_7)
 .glue_7        0x08004c44        0x0 linker stubs
 *(.glue_7t)
 .glue_7t       0x08004c44        0x0 linker stubs
 *(.eh_frame)
 .eh_frame      0x08004c44        0x0 c:/ac6/systemworkbench/plugins/fr.ac6.mcu.externaltools.arm-none.win32_1.7.0.201602121829/tools/compiler/bin/../lib/gcc/arm-none-eabi/5.2.1/armv7e-m/fpu/fpv5-sp-d16/crtbegin.o
 *(.init)
 .init          0x08004c44        0x4 c:/ac6/systemworkbench/plugins/fr.ac6.mcu.externaltools.arm-none.win32_1.7.0.201602121829/tools/compiler/bin/../lib/gcc/arm-none-eabi/5.2.1/armv7e-m/fpu/fpv5-sp-d16/crti.o
                0x08004c44                _init
 .init          0x08004c48        0x8 c:/ac6/systemworkbench/plugins/fr.ac6.mcu.externaltools.arm-none.win32_1.7.0.201602121829/tools/compiler/bin/../lib/gcc/arm-none-eabi/5.2.1/armv7e-m/fpu/fpv5-sp-d16/crtn.o
 *(.fini)
 .fini          0x08004c50        0x4 c:/ac6/systemworkbench/plugins/fr.ac6.mcu.externaltools.arm-none.win32_1.7.0.201602121829/tools/compiler/bin/../lib/gcc/arm-none-eabi/5.2.1/armv7e-m/fpu/fpv5-sp-d16/crti.o
                0x08004c50                _fini
 .fini          0x08004c54        0x8 c:/ac6/systemworkbench/plugins/fr.ac6.mcu.externaltools.arm-none.win32_1.7.0.201602121829/tools/compiler/bin/../lib/gcc/arm-none-eabi/5.2.1/armv7e-m/fpu/fpv5-sp-d16/crtn.o
                0x08004c5c                . = ALIGN (0x4)
                0x08004c5c                _etext = .

.vfp11_veneer   0x08004c5c        0x0
 .vfp11_veneer  0x08004c5c        0x0 linker stubs

.v4_bx          0x08004c5c        0x0
 .v4_bx         0x08004c5c        0x0 linker stubs

.iplt           0x08004c5c        0x0
 .iplt          0x08004c5c        0x0 c:/ac6/systemworkbench/plugins/fr.ac6.mcu.externaltools.arm-none.win32_1.7.0.201602121829/tools/compiler/bin/../lib/gcc/arm-none-eabi/5.2.1/armv7e-m/fpu/fpv5-sp-d16/crtbegin.o

.rodata         0x08004c5c    0xbbafc
                0x08004c5c                . = ALIGN (0x4)
 *(.rodata)
 .rodata        0x08004c5c     0x1ab8 Drivers/BSP/Utilities/Fonts/font24.o
                0x08004c5c                Font24_Table
 .rodata        0x08006714       0x18 Drivers/CMSIS/Device/ST/STM32F7xx/Source/Templates/system_stm32f7xx.o
                0x08006714                AHBPrescTable
                0x08006724                APBPrescTable
 .rodata        0x0800672c        0x8 Drivers/STM32F7xx_HAL_Driver/Src/stm32f7xx_hal_dma.o
 .rodata        0x08006734    0xba024 Src/main.o
                0x08006734                DEFQON_DATA
                0x08045d58                QM_DATA
                0x0806eb58                QM2_DATA
                0x08097958                QLIMAX_DATA
 *(.rodata*)
                0x080c0758                . = ALIGN (0x4)

.rel.dyn        0x080c0758        0x0
 .rel.iplt      0x080c0758        0x0 c:/ac6/systemworkbench/plugins/fr.ac6.mcu.externaltools.arm-none.win32_1.7.0.201602121829/tools/compiler/bin/../lib/gcc/arm-none-eabi/5.2.1/armv7e-m/fpu/fpv5-sp-d16/crtbegin.o

.ARM.extab
 *(.ARM.extab* .gnu.linkonce.armextab.*)

.ARM            0x080c0758        0x0
                0x080c0758                __exidx_start = .
 *(.ARM.exidx*)
                0x080c0758                __exidx_end = .

.preinit_array  0x080c0758        0x0
                0x080c0758                PROVIDE (__preinit_array_start, .)
 *(.preinit_array*)
                0x080c0758                PROVIDE (__preinit_array_end, .)

.init_array     0x080c0758        0x4
                0x080c0758                PROVIDE (__init_array_start, .)
 *(SORT(.init_array.*))
 *(.init_array*)
 .init_array    0x080c0758        0x4 c:/ac6/systemworkbench/plugins/fr.ac6.mcu.externaltools.arm-none.win32_1.7.0.201602121829/tools/compiler/bin/../lib/gcc/arm-none-eabi/5.2.1/armv7e-m/fpu/fpv5-sp-d16/crtbegin.o
                0x080c075c                PROVIDE (__init_array_end, .)

.fini_array     0x080c075c        0x4
                [!provide]                PROVIDE (__fini_array_start, .)
 *(SORT(.fini_array.*))
 *(.fini_array*)
 .fini_array    0x080c075c        0x4 c:/ac6/systemworkbench/plugins/fr.ac6.mcu.externaltools.arm-none.win32_1.7.0.201602121829/tools/compiler/bin/../lib/gcc/arm-none-eabi/5.2.1/armv7e-m/fpu/fpv5-sp-d16/crtbegin.o
                [!provide]                PROVIDE (__fini_array_end, .)
                0x080c0760                _sidata = LOADADDR (.data)

.data           0x20000000       0x10 load address 0x080c0760
                0x20000000                . = ALIGN (0x4)
                0x20000000                _sdata = .
 *(.data)
 .data          0x20000000        0x2 Drivers/BSP/STM32746G-Discovery/stm32746g_discovery_sdram.o
 *fill*         0x20000002        0x2 
 .data          0x20000004        0x8 Drivers/BSP/Utilities/Fonts/font24.o
                0x20000004                Font24
 .data          0x2000000c        0x4 Drivers/CMSIS/Device/ST/STM32F7xx/Source/Templates/system_stm32f7xx.o
                0x2000000c                SystemCoreClock
 *(.data*)
                0x20000010                . = ALIGN (0x4)
                0x20000010                _edata = .

.jcr            0x20000010        0x0 load address 0x080c0770
 .jcr           0x20000010        0x0 c:/ac6/systemworkbench/plugins/fr.ac6.mcu.externaltools.arm-none.win32_1.7.0.201602121829/tools/compiler/bin/../lib/gcc/arm-none-eabi/5.2.1/armv7e-m/fpu/fpv5-sp-d16/crtbegin.o

.tm_clone_table
                0x20000010        0x0 load address 0x080c0770
 .tm_clone_table
                0x20000010        0x0 c:/ac6/systemworkbench/plugins/fr.ac6.mcu.externaltools.arm-none.win32_1.7.0.201602121829/tools/compiler/bin/../lib/gcc/arm-none-eabi/5.2.1/armv7e-m/fpu/fpv5-sp-d16/crtbegin.o
 .tm_clone_table
                0x20000010        0x0 c:/ac6/systemworkbench/plugins/fr.ac6.mcu.externaltools.arm-none.win32_1.7.0.201602121829/tools/compiler/bin/../lib/gcc/arm-none-eabi/5.2.1/armv7e-m/fpu/fpv5-sp-d16/crtend.o

.igot.plt       0x20000010        0x0 load address 0x080c0770
 .igot.plt      0x20000010        0x0 c:/ac6/systemworkbench/plugins/fr.ac6.mcu.externaltools.arm-none.win32_1.7.0.201602121829/tools/compiler/bin/../lib/gcc/arm-none-eabi/5.2.1/armv7e-m/fpu/fpv5-sp-d16/crtbegin.o
                0x20000010                . = ALIGN (0x4)

.bss            0x20000010      0x4a8 load address 0x080c0770
                0x20000010                _sbss = .
                0x20000010                __bss_start__ = _sbss
 *(.bss)
 .bss           0x20000010       0x1c c:/ac6/systemworkbench/plugins/fr.ac6.mcu.externaltools.arm-none.win32_1.7.0.201602121829/tools/compiler/bin/../lib/gcc/arm-none-eabi/5.2.1/armv7e-m/fpu/fpv5-sp-d16/crtbegin.o
 .bss           0x2000002c       0xe0 Drivers/BSP/STM32746G-Discovery/stm32746g_discovery_lcd.o
 .bss           0x2000010c       0xec Drivers/BSP/STM32746G-Discovery/stm32746g_discovery_sdram.o
 .bss           0x200001f8        0x8 Src/stm32f7xx_hal_msp.o
 *(.bss*)
 *(COMMON)
 COMMON         0x20000200       0xa8 Drivers/BSP/STM32746G-Discovery/stm32746g_discovery_lcd.o
                0x20000200                hLtdcHandler
 COMMON         0x200002a8       0x34 Drivers/BSP/STM32746G-Discovery/stm32746g_discovery_sdram.o
                0x200002a8                sdramHandle
 COMMON         0x200002dc        0x4 Drivers/STM32F7xx_HAL_Driver/Src/stm32f7xx_hal.o
                0x200002dc                uwTick
 COMMON         0x200002e0      0x1d8 Src/main.o
                0x200002e0                hi2c3
                0x2000032c                hltdc
                0x200003d4                huart1
                0x20000444                hdma2d
                0x20000484                hsdram1
                0x200004b8                . = ALIGN (0x4)
                0x200004b8                _ebss = .
                0x200004b8                __bss_end__ = _ebss

._user_heap_stack
                0x200004b8      0x600 load address 0x080c0770
                0x200004b8                . = ALIGN (0x8)
                [!provide]                PROVIDE (end, .)
                [!provide]                PROVIDE (_end, .)
                0x200006b8                . = (. + _Min_Heap_Size)
 *fill*         0x200004b8      0x200 
                0x20000ab8                . = (. + _Min_Stack_Size)
 *fill*         0x200006b8      0x400 
                0x20000ab8                . = ALIGN (0x8)

/DISCARD/
 libc.a(*)
 libm.a(*)
 libgcc.a(*)

.ARM.attributes
                0x00000000       0x30
 *(.ARM.attributes)
 .ARM.attributes
                0x00000000       0x22 c:/ac6/systemworkbench/plugins/fr.ac6.mcu.externaltools.arm-none.win32_1.7.0.201602121829/tools/compiler/bin/../lib/gcc/arm-none-eabi/5.2.1/armv7e-m/fpu/fpv5-sp-d16/crti.o
 .ARM.attributes
                0x00000022       0x34 c:/ac6/systemworkbench/plugins/fr.ac6.mcu.externaltools.arm-none.win32_1.7.0.201602121829/tools/compiler/bin/../lib/gcc/arm-none-eabi/5.2.1/armv7e-m/fpu/fpv5-sp-d16/crtbegin.o
 .ARM.attributes
                0x00000056       0x39 Drivers/BSP/STM32746G-Discovery/stm32746g_discovery_lcd.o
 .ARM.attributes
                0x0000008f       0x39 Drivers/BSP/STM32746G-Discovery/stm32746g_discovery_sdram.o
 .ARM.attributes
                0x000000c8       0x39 Drivers/BSP/Utilities/Fonts/font24.o
 .ARM.attributes
                0x00000101       0x21 Drivers/CMSIS/Device/ST/STM32F7xx/Source/Templates/gcc/startup_stm32f746xx.o
 .ARM.attributes
                0x00000122       0x39 Drivers/CMSIS/Device/ST/STM32F7xx/Source/Templates/system_stm32f7xx.o
 .ARM.attributes
                0x0000015b       0x39 Drivers/STM32F7xx_HAL_Driver/Src/stm32f7xx_hal.o
 .ARM.attributes
                0x00000194       0x39 Drivers/STM32F7xx_HAL_Driver/Src/stm32f7xx_hal_cortex.o
 .ARM.attributes
                0x000001cd       0x39 Drivers/STM32F7xx_HAL_Driver/Src/stm32f7xx_hal_dma.o
 .ARM.attributes
                0x00000206       0x39 Drivers/STM32F7xx_HAL_Driver/Src/stm32f7xx_hal_dma2d.o
 .ARM.attributes
                0x0000023f       0x39 Drivers/STM32F7xx_HAL_Driver/Src/stm32f7xx_hal_gpio.o
 .ARM.attributes
                0x00000278       0x39 Drivers/STM32F7xx_HAL_Driver/Src/stm32f7xx_hal_i2c.o
 .ARM.attributes
                0x000002b1       0x39 Drivers/STM32F7xx_HAL_Driver/Src/stm32f7xx_hal_i2c_ex.o
 .ARM.attributes
                0x000002ea       0x39 Drivers/STM32F7xx_HAL_Driver/Src/stm32f7xx_hal_ltdc.o
 .ARM.attributes
                0x00000323       0x39 Drivers/STM32F7xx_HAL_Driver/Src/stm32f7xx_hal_rcc.o
 .ARM.attributes
                0x0000035c       0x39 Drivers/STM32F7xx_HAL_Driver/Src/stm32f7xx_hal_rcc_ex.o
 .ARM.attributes
                0x00000395       0x39 Drivers/STM32F7xx_HAL_Driver/Src/stm32f7xx_hal_sdram.o
 .ARM.attributes
                0x000003ce       0x39 Drivers/STM32F7xx_HAL_Driver/Src/stm32f7xx_hal_uart.o
 .ARM.attributes
                0x00000407       0x39 Drivers/STM32F7xx_HAL_Driver/Src/stm32f7xx_ll_fmc.o
 .ARM.attributes
                0x00000440       0x39 Src/main.o
 .ARM.attributes
                0x00000479       0x39 Src/stm32f7xx_hal_msp.o
 .ARM.attributes
                0x000004b2       0x39 Src/stm32f7xx_it.o
 .ARM.attributes
                0x000004eb       0x34 c:/ac6/systemworkbench/plugins/fr.ac6.mcu.externaltools.arm-none.win32_1.7.0.201602121829/tools/compiler/bin/../lib/gcc/arm-none-eabi/5.2.1/../../../../arm-none-eabi/lib/armv7e-m/fpu/fpv5-sp-d16\libc_nano.a(lib_a-init.o)
 .ARM.attributes
                0x0000051f       0x34 c:/ac6/systemworkbench/plugins/fr.ac6.mcu.externaltools.arm-none.win32_1.7.0.201602121829/tools/compiler/bin/../lib/gcc/arm-none-eabi/5.2.1/armv7e-m/fpu/fpv5-sp-d16/crtend.o
 .ARM.attributes
                0x00000553       0x22 c:/ac6/systemworkbench/plugins/fr.ac6.mcu.externaltools.arm-none.win32_1.7.0.201602121829/tools/compiler/bin/../lib/gcc/arm-none-eabi/5.2.1/armv7e-m/fpu/fpv5-sp-d16/crtn.o
OUTPUT(project.elf elf32-littlearm)

.debug_info     0x00000000    0x120db
 .debug_info    0x00000000     0x208b Drivers/BSP/STM32746G-Discovery/stm32746g_discovery_lcd.o
 .debug_info    0x0000208b      0xe83 Drivers/BSP/STM32746G-Discovery/stm32746g_discovery_sdram.o
 .debug_info    0x00002f0e      0x11b Drivers/BSP/Utilities/Fonts/font24.o
 .debug_info    0x00003029       0xcc Drivers/CMSIS/Device/ST/STM32F7xx/Source/Templates/gcc/startup_stm32f746xx.o
 .debug_info    0x000030f5      0x6ca Drivers/CMSIS/Device/ST/STM32F7xx/Source/Templates/system_stm32f7xx.o
 .debug_info    0x000037bf      0x857 Drivers/STM32F7xx_HAL_Driver/Src/stm32f7xx_hal.o
 .debug_info    0x00004016      0xf3d Drivers/STM32F7xx_HAL_Driver/Src/stm32f7xx_hal_cortex.o
 .debug_info    0x00004f53      0x8f2 Drivers/STM32F7xx_HAL_Driver/Src/stm32f7xx_hal_dma.o
 .debug_info    0x00005845     0x1139 Drivers/STM32F7xx_HAL_Driver/Src/stm32f7xx_hal_dma2d.o
 .debug_info    0x0000697e      0x736 Drivers/STM32F7xx_HAL_Driver/Src/stm32f7xx_hal_gpio.o
 .debug_info    0x000070b4     0x1bc9 Drivers/STM32F7xx_HAL_Driver/Src/stm32f7xx_hal_i2c.o
 .debug_info    0x00008c7d      0x6a3 Drivers/STM32F7xx_HAL_Driver/Src/stm32f7xx_hal_i2c_ex.o
 .debug_info    0x00009320     0x106a Drivers/STM32F7xx_HAL_Driver/Src/stm32f7xx_hal_ltdc.o
 .debug_info    0x0000a38a      0xb69 Drivers/STM32F7xx_HAL_Driver/Src/stm32f7xx_hal_rcc.o
 .debug_info    0x0000aef3     0x1021 Drivers/STM32F7xx_HAL_Driver/Src/stm32f7xx_hal_rcc_ex.o
 .debug_info    0x0000bf14      0xc08 Drivers/STM32F7xx_HAL_Driver/Src/stm32f7xx_hal_sdram.o
 .debug_info    0x0000cb1c     0x1322 Drivers/STM32F7xx_HAL_Driver/Src/stm32f7xx_hal_uart.o
 .debug_info    0x0000de3e      0xc3a Drivers/STM32F7xx_HAL_Driver/Src/stm32f7xx_ll_fmc.o
 .debug_info    0x0000ea78     0x1d09 Src/main.o
 .debug_info    0x00010781     0x187b Src/stm32f7xx_hal_msp.o
 .debug_info    0x00011ffc       0xdf Src/stm32f7xx_it.o

.debug_abbrev   0x00000000     0x24ae
 .debug_abbrev  0x00000000      0x2a9 Drivers/BSP/STM32746G-Discovery/stm32746g_discovery_lcd.o
 .debug_abbrev  0x000002a9      0x1e4 Drivers/BSP/STM32746G-Discovery/stm32746g_discovery_sdram.o
 .debug_abbrev  0x0000048d       0x98 Drivers/BSP/Utilities/Fonts/font24.o
 .debug_abbrev  0x00000525       0x12 Drivers/CMSIS/Device/ST/STM32F7xx/Source/Templates/gcc/startup_stm32f746xx.o
 .debug_abbrev  0x00000537      0x120 Drivers/CMSIS/Device/ST/STM32F7xx/Source/Templates/system_stm32f7xx.o
 .debug_abbrev  0x00000657      0x1ad Drivers/STM32F7xx_HAL_Driver/Src/stm32f7xx_hal.o
 .debug_abbrev  0x00000804      0x2cc Drivers/STM32F7xx_HAL_Driver/Src/stm32f7xx_hal_cortex.o
 .debug_abbrev  0x00000ad0      0x229 Drivers/STM32F7xx_HAL_Driver/Src/stm32f7xx_hal_dma.o
 .debug_abbrev  0x00000cf9      0x261 Drivers/STM32F7xx_HAL_Driver/Src/stm32f7xx_hal_dma2d.o
 .debug_abbrev  0x00000f5a      0x1af Drivers/STM32F7xx_HAL_Driver/Src/stm32f7xx_hal_gpio.o
 .debug_abbrev  0x00001109      0x1fe Drivers/STM32F7xx_HAL_Driver/Src/stm32f7xx_hal_i2c.o
 .debug_abbrev  0x00001307      0x132 Drivers/STM32F7xx_HAL_Driver/Src/stm32f7xx_hal_i2c_ex.o
 .debug_abbrev  0x00001439      0x1fa Drivers/STM32F7xx_HAL_Driver/Src/stm32f7xx_hal_ltdc.o
 .debug_abbrev  0x00001633      0x268 Drivers/STM32F7xx_HAL_Driver/Src/stm32f7xx_hal_rcc.o
 .debug_abbrev  0x0000189b      0x1e3 Drivers/STM32F7xx_HAL_Driver/Src/stm32f7xx_hal_rcc_ex.o
 .debug_abbrev  0x00001a7e      0x1dd Drivers/STM32F7xx_HAL_Driver/Src/stm32f7xx_hal_sdram.o
 .debug_abbrev  0x00001c5b      0x230 Drivers/STM32F7xx_HAL_Driver/Src/stm32f7xx_hal_uart.o
 .debug_abbrev  0x00001e8b      0x156 Drivers/STM32F7xx_HAL_Driver/Src/stm32f7xx_ll_fmc.o
 .debug_abbrev  0x00001fe1      0x234 Src/main.o
 .debug_abbrev  0x00002215      0x217 Src/stm32f7xx_hal_msp.o
 .debug_abbrev  0x0000242c       0x82 Src/stm32f7xx_it.o

.debug_aranges  0x00000000      0xf40
 .debug_aranges
                0x00000000      0x1d8 Drivers/BSP/STM32746G-Discovery/stm32746g_discovery_lcd.o
 .debug_aranges
                0x000001d8       0x68 Drivers/BSP/STM32746G-Discovery/stm32746g_discovery_sdram.o
 .debug_aranges
                0x00000240       0x18 Drivers/BSP/Utilities/Fonts/font24.o
 .debug_aranges
                0x00000258       0x28 Drivers/CMSIS/Device/ST/STM32F7xx/Source/Templates/gcc/startup_stm32f746xx.o
 .debug_aranges
                0x00000280       0x28 Drivers/CMSIS/Device/ST/STM32F7xx/Source/Templates/system_stm32f7xx.o
 .debug_aranges
                0x000002a8       0xd0 Drivers/STM32F7xx_HAL_Driver/Src/stm32f7xx_hal.o
 .debug_aranges
                0x00000378      0x108 Drivers/STM32F7xx_HAL_Driver/Src/stm32f7xx_hal_cortex.o
 .debug_aranges
                0x00000480       0x90 Drivers/STM32F7xx_HAL_Driver/Src/stm32f7xx_hal_dma.o
 .debug_aranges
                0x00000510      0x108 Drivers/STM32F7xx_HAL_Driver/Src/stm32f7xx_hal_dma2d.o
 .debug_aranges
                0x00000618       0x58 Drivers/STM32F7xx_HAL_Driver/Src/stm32f7xx_hal_gpio.o
 .debug_aranges
                0x00000670      0x260 Drivers/STM32F7xx_HAL_Driver/Src/stm32f7xx_hal_i2c.o
 .debug_aranges
                0x000008d0       0x28 Drivers/STM32F7xx_HAL_Driver/Src/stm32f7xx_hal_i2c_ex.o
 .debug_aranges
                0x000008f8      0x158 Drivers/STM32F7xx_HAL_Driver/Src/stm32f7xx_hal_ltdc.o
 .debug_aranges
                0x00000a50       0x88 Drivers/STM32F7xx_HAL_Driver/Src/stm32f7xx_hal_rcc.o
 .debug_aranges
                0x00000ad8       0x30 Drivers/STM32F7xx_HAL_Driver/Src/stm32f7xx_hal_rcc_ex.o
 .debug_aranges
                0x00000b08       0xd0 Drivers/STM32F7xx_HAL_Driver/Src/stm32f7xx_hal_sdram.o
 .debug_aranges
                0x00000bd8      0x190 Drivers/STM32F7xx_HAL_Driver/Src/stm32f7xx_hal_uart.o
 .debug_aranges
                0x00000d68       0xc8 Drivers/STM32F7xx_HAL_Driver/Src/stm32f7xx_ll_fmc.o
 .debug_aranges
                0x00000e30       0x60 Src/main.o
 .debug_aranges
                0x00000e90       0x80 Src/stm32f7xx_hal_msp.o
 .debug_aranges
                0x00000f10       0x30 Src/stm32f7xx_it.o

.debug_ranges   0x00000000      0xdf0
 .debug_ranges  0x00000000      0x1c8 Drivers/BSP/STM32746G-Discovery/stm32746g_discovery_lcd.o
 .debug_ranges  0x000001c8       0x58 Drivers/BSP/STM32746G-Discovery/stm32746g_discovery_sdram.o
 .debug_ranges  0x00000220       0x20 Drivers/CMSIS/Device/ST/STM32F7xx/Source/Templates/gcc/startup_stm32f746xx.o
 .debug_ranges  0x00000240       0x18 Drivers/CMSIS/Device/ST/STM32F7xx/Source/Templates/system_stm32f7xx.o
 .debug_ranges  0x00000258       0xc0 Drivers/STM32F7xx_HAL_Driver/Src/stm32f7xx_hal.o
 .debug_ranges  0x00000318       0xf8 Drivers/STM32F7xx_HAL_Driver/Src/stm32f7xx_hal_cortex.o
 .debug_ranges  0x00000410       0x80 Drivers/STM32F7xx_HAL_Driver/Src/stm32f7xx_hal_dma.o
 .debug_ranges  0x00000490       0xf8 Drivers/STM32F7xx_HAL_Driver/Src/stm32f7xx_hal_dma2d.o
 .debug_ranges  0x00000588       0x48 Drivers/STM32F7xx_HAL_Driver/Src/stm32f7xx_hal_gpio.o
 .debug_ranges  0x000005d0      0x250 Drivers/STM32F7xx_HAL_Driver/Src/stm32f7xx_hal_i2c.o
 .debug_ranges  0x00000820       0x18 Drivers/STM32F7xx_HAL_Driver/Src/stm32f7xx_hal_i2c_ex.o
 .debug_ranges  0x00000838      0x148 Drivers/STM32F7xx_HAL_Driver/Src/stm32f7xx_hal_ltdc.o
 .debug_ranges  0x00000980       0x78 Drivers/STM32F7xx_HAL_Driver/Src/stm32f7xx_hal_rcc.o
 .debug_ranges  0x000009f8       0x20 Drivers/STM32F7xx_HAL_Driver/Src/stm32f7xx_hal_rcc_ex.o
 .debug_ranges  0x00000a18       0xc0 Drivers/STM32F7xx_HAL_Driver/Src/stm32f7xx_hal_sdram.o
 .debug_ranges  0x00000ad8      0x180 Drivers/STM32F7xx_HAL_Driver/Src/stm32f7xx_hal_uart.o
 .debug_ranges  0x00000c58       0xb8 Drivers/STM32F7xx_HAL_Driver/Src/stm32f7xx_ll_fmc.o
 .debug_ranges  0x00000d10       0x50 Src/main.o
 .debug_ranges  0x00000d60       0x70 Src/stm32f7xx_hal_msp.o
 .debug_ranges  0x00000dd0       0x20 Src/stm32f7xx_it.o

.debug_macro    0x00000000     0x429d
 .debug_macro   0x00000000      0x356 Drivers/BSP/STM32746G-Discovery/stm32746g_discovery_lcd.o
 .debug_macro   0x00000356       0x40 Drivers/BSP/STM32746G-Discovery/stm32746g_discovery_lcd.o
 .debug_macro   0x00000396       0x9a Drivers/BSP/STM32746G-Discovery/stm32746g_discovery_lcd.o
 .debug_macro   0x00000430      0x26a Drivers/BSP/STM32746G-Discovery/stm32746g_discovery_lcd.o
 .debug_macro   0x0000069a       0x10 Drivers/BSP/STM32746G-Discovery/stm32746g_discovery_lcd.o
 .debug_macro   0x000006aa      0x12c Drivers/BSP/STM32746G-Discovery/stm32746g_discovery_lcd.o
 .debug_macro   0x000007d6      0x31a Drivers/BSP/STM32746G-Discovery/stm32746g_discovery_sdram.o
 .debug_macro   0x00000af0       0x64 Drivers/BSP/Utilities/Fonts/font24.o
 .debug_macro   0x00000b54      0x302 Drivers/CMSIS/Device/ST/STM32F7xx/Source/Templates/system_stm32f7xx.o
 .debug_macro   0x00000e56      0x32f Drivers/STM32F7xx_HAL_Driver/Src/stm32f7xx_hal.o
 .debug_macro   0x00001185      0x30b Drivers/STM32F7xx_HAL_Driver/Src/stm32f7xx_hal_cortex.o
 .debug_macro   0x00001490      0x312 Drivers/STM32F7xx_HAL_Driver/Src/stm32f7xx_hal_dma.o
 .debug_macro   0x000017a2      0x38a Drivers/STM32F7xx_HAL_Driver/Src/stm32f7xx_hal_dma2d.o
 .debug_macro   0x00001b2c      0x343 Drivers/STM32F7xx_HAL_Driver/Src/stm32f7xx_hal_gpio.o
 .debug_macro   0x00001e6f      0x3d0 Drivers/STM32F7xx_HAL_Driver/Src/stm32f7xx_hal_i2c.o
 .debug_macro   0x0000223f      0x30b Drivers/STM32F7xx_HAL_Driver/Src/stm32f7xx_hal_i2c_ex.o
 .debug_macro   0x0000254a      0x30b Drivers/STM32F7xx_HAL_Driver/Src/stm32f7xx_hal_ltdc.o
 .debug_macro   0x00002855      0x32f Drivers/STM32F7xx_HAL_Driver/Src/stm32f7xx_hal_rcc.o
 .debug_macro   0x00002b84      0x317 Drivers/STM32F7xx_HAL_Driver/Src/stm32f7xx_hal_rcc_ex.o
 .debug_macro   0x00002e9b      0x30b Drivers/STM32F7xx_HAL_Driver/Src/stm32f7xx_hal_sdram.o
 .debug_macro   0x000031a6      0x313 Drivers/STM32F7xx_HAL_Driver/Src/stm32f7xx_hal_uart.o
 .debug_macro   0x000034b9      0x30b Drivers/STM32F7xx_HAL_Driver/Src/stm32f7xx_ll_fmc.o
 .debug_macro   0x000037c4      0x391 Src/main.o
 .debug_macro   0x00003b55       0xa0 Src/main.o
 .debug_macro   0x00003bf5       0x22 Src/main.o
 .debug_macro   0x00003c17       0x22 Src/main.o
 .debug_macro   0x00003c39       0x22 Src/main.o
 .debug_macro   0x00003c5b       0x22 Src/main.o
 .debug_macro   0x00003c7d      0x30b Src/stm32f7xx_hal_msp.o
 .debug_macro   0x00003f88      0x315 Src/stm32f7xx_it.o

.debug_line     0x00000000     0xf7c6
 .debug_line    0x00000000     0x1062 Drivers/BSP/STM32746G-Discovery/stm32746g_discovery_lcd.o
 .debug_line    0x00001062      0x9de Drivers/BSP/STM32746G-Discovery/stm32746g_discovery_sdram.o
 .debug_line    0x00001a40      0x2bd Drivers/BSP/Utilities/Fonts/font24.o
 .debug_line    0x00001cfd       0xae Drivers/CMSIS/Device/ST/STM32F7xx/Source/Templates/gcc/startup_stm32f746xx.o
 .debug_line    0x00001dab      0x8d7 Drivers/CMSIS/Device/ST/STM32F7xx/Source/Templates/system_stm32f7xx.o
 .debug_line    0x00002682      0xa4d Drivers/STM32F7xx_HAL_Driver/Src/stm32f7xx_hal.o
 .debug_line    0x000030cf      0xb77 Drivers/STM32F7xx_HAL_Driver/Src/stm32f7xx_hal_cortex.o
 .debug_line    0x00003c46      0xb76 Drivers/STM32F7xx_HAL_Driver/Src/stm32f7xx_hal_dma.o
 .debug_line    0x000047bc      0xec8 Drivers/STM32F7xx_HAL_Driver/Src/stm32f7xx_hal_dma2d.o
 .debug_line    0x00005684      0xaab Drivers/STM32F7xx_HAL_Driver/Src/stm32f7xx_hal_gpio.o
 .debug_line    0x0000612f     0x1998 Drivers/STM32F7xx_HAL_Driver/Src/stm32f7xx_hal_i2c.o
 .debug_line    0x00007ac7      0x93a Drivers/STM32F7xx_HAL_Driver/Src/stm32f7xx_hal_i2c_ex.o
 .debug_line    0x00008401     0x1179 Drivers/STM32F7xx_HAL_Driver/Src/stm32f7xx_hal_ltdc.o
 .debug_line    0x0000957a      0xbcc Drivers/STM32F7xx_HAL_Driver/Src/stm32f7xx_hal_rcc.o
 .debug_line    0x0000a146      0xce9 Drivers/STM32F7xx_HAL_Driver/Src/stm32f7xx_hal_rcc_ex.o
 .debug_line    0x0000ae2f      0xbf9 Drivers/STM32F7xx_HAL_Driver/Src/stm32f7xx_hal_sdram.o
 .debug_line    0x0000ba28     0x11e4 Drivers/STM32F7xx_HAL_Driver/Src/stm32f7xx_hal_uart.o
 .debug_line    0x0000cc0c      0xb63 Drivers/STM32F7xx_HAL_Driver/Src/stm32f7xx_ll_fmc.o
 .debug_line    0x0000d76f      0xd91 Src/main.o
 .debug_line    0x0000e500      0xa06 Src/stm32f7xx_hal_msp.o
 .debug_line    0x0000ef06      0x8c0 Src/stm32f7xx_it.o

.debug_str      0x00000000    0x8c5b9
 .debug_str     0x00000000    0x8635a Drivers/BSP/STM32746G-Discovery/stm32746g_discovery_lcd.o
                              0x86741 (size before relaxing)
 .debug_str     0x0008635a      0xa9e Drivers/BSP/STM32746G-Discovery/stm32746g_discovery_sdram.o
                              0x84948 (size before relaxing)
 .debug_str     0x00086df8       0x35 Drivers/BSP/Utilities/Fonts/font24.o
                               0x32ad (size before relaxing)
 .debug_str     0x00086e2d      0x1de Drivers/CMSIS/Device/ST/STM32F7xx/Source/Templates/system_stm32f7xx.o
                              0x82918 (size before relaxing)
 .debug_str     0x0008700b      0x33b Drivers/STM32F7xx_HAL_Driver/Src/stm32f7xx_hal.o
                              0x8421f (size before relaxing)
 .debug_str     0x00087346      0x35c Drivers/STM32F7xx_HAL_Driver/Src/stm32f7xx_hal_cortex.o
                              0x842ef (size before relaxing)
 .debug_str     0x000876a2      0x329 Drivers/STM32F7xx_HAL_Driver/Src/stm32f7xx_hal_dma.o
                              0x83d27 (size before relaxing)
 .debug_str     0x000879cb      0x7e6 Drivers/STM32F7xx_HAL_Driver/Src/stm32f7xx_hal_dma2d.o
                              0x8430a (size before relaxing)
 .debug_str     0x000881b1      0x244 Drivers/STM32F7xx_HAL_Driver/Src/stm32f7xx_hal_gpio.o
                              0x83bb3 (size before relaxing)
 .debug_str     0x000883f5     0x101e Drivers/STM32F7xx_HAL_Driver/Src/stm32f7xx_hal_i2c.o
                              0x84a96 (size before relaxing)
 .debug_str     0x00089413       0x3b Drivers/STM32F7xx_HAL_Driver/Src/stm32f7xx_hal_i2c_ex.o
                              0x83d07 (size before relaxing)
 .debug_str     0x0008944e      0x439 Drivers/STM32F7xx_HAL_Driver/Src/stm32f7xx_hal_ltdc.o
                              0x83f3d (size before relaxing)
 .debug_str     0x00089887      0x378 Drivers/STM32F7xx_HAL_Driver/Src/stm32f7xx_hal_rcc.o
                              0x83d00 (size before relaxing)
 .debug_str     0x00089bff      0x127 Drivers/STM32F7xx_HAL_Driver/Src/stm32f7xx_hal_rcc_ex.o
                              0x83c54 (size before relaxing)
 .debug_str     0x00089d26      0x285 Drivers/STM32F7xx_HAL_Driver/Src/stm32f7xx_hal_sdram.o
                              0x83eeb (size before relaxing)
 .debug_str     0x00089fab      0x80c Drivers/STM32F7xx_HAL_Driver/Src/stm32f7xx_hal_uart.o
                              0x843a3 (size before relaxing)
 .debug_str     0x0008a7b7      0x477 Drivers/STM32F7xx_HAL_Driver/Src/stm32f7xx_ll_fmc.o
                              0x83e29 (size before relaxing)
 .debug_str     0x0008ac2e     0x18d9 Src/main.o
                              0x88682 (size before relaxing)
 .debug_str     0x0008c507       0x5f Src/stm32f7xx_hal_msp.o
                              0x84cd1 (size before relaxing)
 .debug_str     0x0008c566       0x53 Src/stm32f7xx_it.o
                              0x83764 (size before relaxing)

.comment        0x00000000       0x6e
 .comment       0x00000000       0x6e Drivers/BSP/STM32746G-Discovery/stm32746g_discovery_lcd.o
                                 0x6f (size before relaxing)
 .comment       0x0000006e       0x6f Drivers/BSP/STM32746G-Discovery/stm32746g_discovery_sdram.o
 .comment       0x0000006e       0x6f Drivers/BSP/Utilities/Fonts/font24.o
 .comment       0x0000006e       0x6f Drivers/CMSIS/Device/ST/STM32F7xx/Source/Templates/system_stm32f7xx.o
 .comment       0x0000006e       0x6f Drivers/STM32F7xx_HAL_Driver/Src/stm32f7xx_hal.o
 .comment       0x0000006e       0x6f Drivers/STM32F7xx_HAL_Driver/Src/stm32f7xx_hal_cortex.o
 .comment       0x0000006e       0x6f Drivers/STM32F7xx_HAL_Driver/Src/stm32f7xx_hal_dma.o
 .comment       0x0000006e       0x6f Drivers/STM32F7xx_HAL_Driver/Src/stm32f7xx_hal_dma2d.o
 .comment       0x0000006e       0x6f Drivers/STM32F7xx_HAL_Driver/Src/stm32f7xx_hal_gpio.o
 .comment       0x0000006e       0x6f Drivers/STM32F7xx_HAL_Driver/Src/stm32f7xx_hal_i2c.o
 .comment       0x0000006e       0x6f Drivers/STM32F7xx_HAL_Driver/Src/stm32f7xx_hal_i2c_ex.o
 .comment       0x0000006e       0x6f Drivers/STM32F7xx_HAL_Driver/Src/stm32f7xx_hal_ltdc.o
 .comment       0x0000006e       0x6f Drivers/STM32F7xx_HAL_Driver/Src/stm32f7xx_hal_rcc.o
 .comment       0x0000006e       0x6f Drivers/STM32F7xx_HAL_Driver/Src/stm32f7xx_hal_rcc_ex.o
 .comment       0x0000006e       0x6f Drivers/STM32F7xx_HAL_Driver/Src/stm32f7xx_hal_sdram.o
 .comment       0x0000006e       0x6f Drivers/STM32F7xx_HAL_Driver/Src/stm32f7xx_hal_uart.o
 .comment       0x0000006e       0x6f Drivers/STM32F7xx_HAL_Driver/Src/stm32f7xx_ll_fmc.o
 .comment       0x0000006e       0x6f Src/main.o
 .comment       0x0000006e       0x6f Src/stm32f7xx_hal_msp.o
 .comment       0x0000006e       0x6f Src/stm32f7xx_it.o

.debug_frame    0x00000000     0x3f20
 .debug_frame   0x00000000      0x840 Drivers/BSP/STM32746G-Discovery/stm32746g_discovery_lcd.o
 .debug_frame   0x00000840      0x168 Drivers/BSP/STM32746G-Discovery/stm32746g_discovery_sdram.o
 .debug_frame   0x000009a8       0x58 Drivers/CMSIS/Device/ST/STM32F7xx/Source/Templates/system_stm32f7xx.o
 .debug_frame   0x00000a00      0x2f0 Drivers/STM32F7xx_HAL_Driver/Src/stm32f7xx_hal.o
 .debug_frame   0x00000cf0      0x450 Drivers/STM32F7xx_HAL_Driver/Src/stm32f7xx_hal_cortex.o
 .debug_frame   0x00001140      0x250 Drivers/STM32F7xx_HAL_Driver/Src/stm32f7xx_hal_dma.o
 .debug_frame   0x00001390      0x49c Drivers/STM32F7xx_HAL_Driver/Src/stm32f7xx_hal_dma2d.o
 .debug_frame   0x0000182c      0x14c Drivers/STM32F7xx_HAL_Driver/Src/stm32f7xx_hal_gpio.o
 .debug_frame   0x00001978      0xafc Drivers/STM32F7xx_HAL_Driver/Src/stm32f7xx_hal_i2c.o
 .debug_frame   0x00002474       0x60 Drivers/STM32F7xx_HAL_Driver/Src/stm32f7xx_hal_i2c_ex.o
 .debug_frame   0x000024d4      0x61c Drivers/STM32F7xx_HAL_Driver/Src/stm32f7xx_hal_ltdc.o
 .debug_frame   0x00002af0      0x1fc Drivers/STM32F7xx_HAL_Driver/Src/stm32f7xx_hal_rcc.o
 .debug_frame   0x00002cec       0x88 Drivers/STM32F7xx_HAL_Driver/Src/stm32f7xx_hal_rcc_ex.o
 .debug_frame   0x00002d74      0x37c Drivers/STM32F7xx_HAL_Driver/Src/stm32f7xx_hal_sdram.o
 .debug_frame   0x000030f0      0x710 Drivers/STM32F7xx_HAL_Driver/Src/stm32f7xx_hal_uart.o
 .debug_frame   0x00003800      0x378 Drivers/STM32F7xx_HAL_Driver/Src/stm32f7xx_ll_fmc.o
 .debug_frame   0x00003b78      0x134 Src/main.o
 .debug_frame   0x00003cac      0x1dc Src/stm32f7xx_hal_msp.o
 .debug_frame   0x00003e88       0x6c Src/stm32f7xx_it.o
 .debug_frame   0x00003ef4       0x2c c:/ac6/systemworkbench/plugins/fr.ac6.mcu.externaltools.arm-none.win32_1.7.0.201602121829/tools/compiler/bin/../lib/gcc/arm-none-eabi/5.2.1/../../../../arm-none-eabi/lib/armv7e-m/fpu/fpv5-sp-d16\libc_nano.a(lib_a-init.o)
